 make setup                                                                                                                                                               0  09:16:02 [setup] Setting up PowerShell environment...

╔══════════════════════════════════════════════════════╗
║  HPE ProLiant ISO Automation - PowerShell Setup     ║
╚══════════════════════════════════════════════════════╝

[OK] PowerShell 7.4.6
[INFO] Installing PowerShell modules…
[OK] Pester 6.0.1 already verified
[OK] PSScriptAnalyzer 1.21.0 already verified
[OK] PlatyPS 0.14.0 already verified
[OK] HPEOneView.1000 10.0.4265.2221 already verified
[WARN] OperationsManager 1.0 corrupt - removing and reinstalling
[INFO] Removing corrupt module directory: C:\Users\adm_98253\Documents\PowerShell\Modules\OperationsManager
[INFO] Installing OperationsManager 1.0 from bundle
Copy-Item: C:\Users\adm_98253\products\repos\image-build-automation\scripts\setup-runner.ps1:269:9
Line |
 269 |          Copy-Item -Path $_.FullName -Destination $dest -Recurse -Forc …
     |          ~~~~~~~~~~~~~~~~~~~~~~~~~~~~~~~~~~~~~~~~~~~~~~~~~~~~~~~~~~~~~
     | The process cannot access the file 'C:\Users\adm_98253\Documents\PowerShell\Modules\OperationsManager\1.0\OM10.Commands\Microsoft.SystemCenter.OperationsManagerV10.Commands.dll' because it is being used by another   
     | process.
make: *** [Makefile:57: setup] Error 1
   image-build-automation  main  make setup                                                                                                                                                      1  1m 51s 266ms  09:17:54 [setup] Setting up PowerShell environment...