<?xml version="1.0" encoding="utf-8"?><testsuites name="pytest tests"><testsuite name="pytest" errors="0" failures="0" skipped="0" tests="251" time="1.249" timestamp="2026-05-15T03:51:02.756955+01:00" hostname="cachyos-x8664"><testcase classname="tests.cli.test_build_iso.TestISOOrchestrator" name="test_initialization" time="0.006" /><testcase classname="tests.cli.test_build_iso.TestISOOrchestrator" name="test_initialization_creates_directories" time="0.001" /><testcase classname="tests.cli.test_build_iso.TestISOOrchestrator" name="test_validate_configs_all_present" time="0.001" /><testcase classname="tests.cli.test_build_iso.TestISOOrchestrator" name="test_validate_configs_missing_firmware_config" time="0.001" /><testcase classname="tests.cli.test_build_iso.TestISOOrchestrator" name="test_validate_configs_missing_patch_config" time="0.001" /><testcase classname="tests.cli.test_build_iso.TestISOOrchestrator" name="test_validate_configs_missing_server_list" time="0.001" /><testcase classname="tests.cli.test_build_iso.TestISOOrchestrator" name="test_load_servers" time="0.001" /><testcase classname="tests.cli.test_build_iso.TestISOOrchestrator" name="test_build_for_server_dry_run" time="0.004" /><testcase classname="tests.cli.test_build_iso.TestISOOrchestrator" name="test_build_for_server_firmware_failure" time="0.003" /><testcase classname="tests.cli.test_build_iso.TestISOOrchestrator" name="test_build_all_processes_all_servers" time="0.002" /><testcase classname="tests.cli.test_build_iso.TestISOOrchestrator" name="test_build_all_partial_failures" time="0.002" /><testcase classname="tests.cli.test_build_iso.TestISOOrchestrator" name="test_main_function" time="0.001" /><testcase classname="tests.cli.test_generate_uuid.TestGenerateUniqueUUID" name="test_generate_uuid_returns_valid_uuid_format" time="0.000" /><testcase classname="tests.cli.test_generate_uuid.TestGenerateUniqueUUID" name="test_generate_uuid_deterministic_with_timestamp" time="0.000" /><testcase classname="tests.cli.test_generate_uuid.TestGenerateUniqueUUID" name="test_generate_uuid_different_servers_different" time="0.000" /><testcase classname="tests.cli.test_generate_uuid.TestGenerateUniqueUUID" name="test_generate_uuid_uses_sha256" time="0.000" /><testcase classname="tests.cli.test_generate_uuid.TestGenerateUniqueUUID" name="test_generate_uuid_default_timestamp_is_current" time="0.000" /><testcase classname="tests.cli.test_generate_uuid.TestMain" name="test_main_prints_uuid" time="0.003" /><testcase classname="tests.cli.test_generate_uuid.TestMain" name="test_main_with_custom_timestamp" time="0.001" /><testcase classname="tests.cli.test_generate_uuid.TestMain" name="test_main_writes_to_file" time="0.002" /><testcase classname="tests.cli.test_generate_uuid.TestMain" name="test_main_creates_parent_directories" time="0.002" /><testcase classname="tests.cli.test_generate_uuid.TestMain" name="test_main_handles_exception" time="0.001" /><testcase classname="tests.cli.test_maintenance_mode.TestParseDatetime" name="test_parse_datetime_now" time="0.001" /><testcase classname="tests.cli.test_maintenance_mode.TestParseDatetime" name="test_parse_datetime_iso_format" time="0.014" /><testcase classname="tests.cli.test_maintenance_mode.TestParseDatetime" name="test_parse_datetime_space_separated" time="0.004" /><testcase classname="tests.cli.test_maintenance_mode.TestParseDatetime" name="test_parse_datetime_with_seconds" time="0.000" /><testcase classname="tests.cli.test_maintenance_mode.TestParseDatetime" name="test_parse_datetime_invalid_format" time="0.001" /><testcase classname="tests.cli.test_maintenance_mode.TestComputeNextWorkStart" name="test_compute_next_work_start_same_day" time="0.001" /><testcase classname="tests.cli.test_maintenance_mode.TestComputeNextWorkStart" name="test_compute_next_work_start_next_day" time="0.000" /><testcase classname="tests.cli.test_maintenance_mode.TestComputeNextWorkStart" name="test_compute_next_work_start_weekend" time="0.000" /><testcase classname="tests.cli.test_maintenance_mode.TestComputeNextWorkStart" name="test_compute_next_work_start_default_schedule" time="0.000" /><testcase classname="tests.cli.test_maintenance_mode.TestFormatDatetimeForAPI" name="test_format_datetime_for_api_naive" time="0.000" /><testcase classname="tests.cli.test_maintenance_mode.TestFormatDatetimeForAPI" name="test_format_datetime_for_api_with_timezone" time="0.000" /><testcase classname="tests.cli.test_maintenance_mode.TestSCOMManager" name="test_initialization" time="0.000" /><testcase classname="tests.cli.test_maintenance_mode.TestSCOMManager" name="test_run_ps_local" time="0.000" /><testcase classname="tests.cli.test_maintenance_mode.TestSCOMManager" name="test_run_ps_winrm" time="0.000" /><testcase classname="tests.cli.test_maintenance_mode.TestSCOMManager" name="test_get_group_members" time="0.000" /><testcase classname="tests.cli.test_maintenance_mode.TestSCOMManager" name="test_enter_maintenance_dry_run" time="0.000" /><testcase classname="tests.cli.test_maintenance_mode.TestSCOMManager" name="test_exit_maintenance_dry_run" time="0.000" /><testcase classname="tests.cli.test_maintenance_mode.TestILOManager" name="test_initialization" time="0.000" /><testcase classname="tests.cli.test_maintenance_mode.TestILOManager" name="test_get_ilo_ip" time="0.000" /><testcase classname="tests.cli.test_maintenance_mode.TestILOManager" name="test_get_ilo_credentials_global" time="0.001" /><testcase classname="tests.cli.test_maintenance_mode.TestILOManager" name="test_create_window_rest_dry_run" time="0.000" /><testcase classname="tests.cli.test_maintenance_mode.TestILOManager" name="test_set_maintenance_window" time="0.001" /><testcase classname="tests.cli.test_maintenance_mode.TestILOManager" name="test_set_maintenance_window_no_ilo_addresses" time="0.000" /><testcase classname="tests.cli.test_maintenance_mode.TestOpenViewClient" name="test_initialization" time="0.000" /><testcase classname="tests.cli.test_maintenance_mode.TestOpenViewClient" name="test_set_maintenance_no_node_ids" time="0.000" /><testcase classname="tests.cli.test_maintenance_mode.TestOpenViewClient" name="test_set_maintenance_cli_dry_run" time="0.000" /><testcase classname="tests.cli.test_maintenance_mode.TestEmailNotifier" name="test_initialization_no_config" time="0.000" /><testcase classname="tests.cli.test_maintenance_mode.TestEmailNotifier" name="test_get_recipients_simple_list" time="0.001" /><testcase classname="tests.cli.test_maintenance_mode.TestEmailNotifier" name="test_send_maintenance_notification_dry_run" time="0.001" /><testcase classname="tests.cli.test_opsramp_integration.TestOpsRampClient" name="test_initialization" time="0.002" /><testcase classname="tests.cli.test_opsramp_integration.TestOpsRampClient" name="test_load_config_from_file" time="0.001" /><testcase classname="tests.cli.test_opsramp_integration.TestOpsRampClient" name="test_load_config_env_override" time="0.002" /><testcase classname="tests.cli.test_opsramp_integration.TestOpsRampClient" name="test_get_token_url_construction" time="0.002" /><testcase classname="tests.cli.test_opsramp_integration.TestOpsRampClient" name="test_ensure_token_success" time="0.003" /><testcase classname="tests.cli.test_opsramp_integration.TestOpsRampClient" name="test_ensure_token_missing_credentials" time="0.002" /><testcase classname="tests.cli.test_opsramp_integration.TestOpsRampClient" name="test_ensure_token_uses_existing_valid_token" time="0.003" /><testcase classname="tests.cli.test_opsramp_integration.TestOpsRampClient" name="test_send_metric_success" time="0.001" /><testcase classname="tests.cli.test_opsramp_integration.TestOpsRampClient" name="test_send_alert_success" time="0.001" /><testcase classname="tests.cli.test_opsramp_integration.TestOpsRampClient" name="test_send_event_success" time="0.001" /><testcase classname="tests.cli.test_opsramp_integration.TestOpsRampClient" name="test_report_build_status_success" time="0.001" /><testcase classname="tests.cli.test_opsramp_integration.TestOpsRampClient" name="test_report_build_status_failure" time="0.001" /><testcase classname="tests.cli.test_patch_windows_security.TestWindowsPatcher" name="test_initialization" time="0.001" /><testcase classname="tests.cli.test_patch_windows_security.TestWindowsPatcher" name="test_load_config" time="0.001" /><testcase classname="tests.cli.test_patch_windows_security.TestWindowsPatcher" name="test_setup_base_iso_missing_iso" time="0.001" /><testcase classname="tests.cli.test_patch_windows_security.TestWindowsPatcher" name="test_setup_base_iso_dry_run" time="0.001" /><testcase classname="tests.cli.test_patch_windows_security.TestWindowsPatcher" name="test_apply_patches_dism_dry_run" time="0.001" /><testcase classname="tests.cli.test_patch_windows_security.TestWindowsPatcher" name="test_apply_patches_dism_with_missing_patch" time="0.001" /><testcase classname="tests.cli.test_patch_windows_security.TestWindowsPatcher" name="test_apply_patches_powershell_dry_run" time="0.001" /><testcase classname="tests.cli.test_patch_windows_security.TestWindowsPatcher" name="test_apply_patches_powershell_skipped" time="0.001" /><testcase classname="tests.cli.test_patch_windows_security.TestWindowsPatcher" name="test_build_dry_run" time="0.001" /><testcase classname="tests.cli.test_patch_windows_security.TestWindowsPatcher" name="test_build_missing_base_iso" time="0.001" /><testcase classname="tests.cli.test_patch_windows_security.TestWindowsPatcher" name="test_build_unknown_method" time="0.001" /><testcase classname="tests.cli.test_update_firmware_drivers.TestFirmwareUpdater" name="test_initialization" time="0.001" /><testcase classname="tests.cli.test_update_firmware_drivers.TestFirmwareUpdater" name="test_load_config" time="0.001" /><testcase classname="tests.cli.test_update_firmware_drivers.TestFirmwareUpdater" name="test_find_sut_found_in_search_paths" time="0.001" /><testcase classname="tests.cli.test_update_firmware_drivers.TestFirmwareUpdater" name="test_find_sut_not_found_raises_error" time="0.001" /><testcase classname="tests.cli.test_update_firmware_drivers.TestFirmwareUpdater" name="test_determine_server_gen_gen10_plus" time="0.001" /><testcase classname="tests.cli.test_update_firmware_drivers.TestFirmwareUpdater" name="test_determine_server_gen_default_gen10" time="0.001" /><testcase classname="tests.cli.test_update_firmware_drivers.TestFirmwareUpdater" name="test_get_component_list" time="0.001" /><testcase classname="tests.cli.test_update_firmware_drivers.TestFirmwareUpdater" name="test_get_component_list_gen10_plus" time="0.001" /><testcase classname="tests.cli.test_update_firmware_drivers.TestFirmwareUpdater" name="test_build_dry_run" time="0.001" /><testcase classname="tests.cli.test_update_firmware_drivers.TestFirmwareUpdater" name="test_build_creates_output_directory" time="0.001" /><testcase classname="tests.cli.test_update_firmware_drivers.TestFirmwareUpdater" name="test_build_with_sut_failure" time="0.001" /><testcase classname="tests.core.test_orchestrator.TestAutomationOrchestrator" name="test_init_creates_logs_directory" time="0.000" /><testcase classname="tests.core.test_orchestrator.TestAutomationOrchestrator" name="test_init_with_dry_run" time="0.000" /><testcase classname="tests.core.test_orchestrator.TestAutomationOrchestrator" name="test_execute_unknown_request_type" time="0.001" /><testcase classname="tests.core.test_orchestrator.TestAutomationOrchestrator" name="test_execute_build_with_validation_errors" time="0.002" /><testcase classname="tests.core.test_orchestrator.TestAutomationOrchestrator" name="test_execute_maintenance_invalid_cluster" time="0.001" /><testcase classname="tests.core.test_orchestrator.TestAutomationOrchestrator" name="test_execute_adds_dry_run_to_params" time="0.001" /><testcase classname="tests.core.test_orchestrator.TestAutomationOrchestrator" name="test_execute_preserves_original_params" time="0.001" /><testcase classname="tests.core.test_orchestrator.TestAutomationOrchestrator" name="test_validate_method_build_params" time="0.000" /><testcase classname="tests.core.test_orchestrator.TestAutomationOrchestrator" name="test_validate_method_patch_windows" time="0.000" /><testcase classname="tests.core.test_orchestrator.TestAutomationOrchestrator" name="test_validate_method_maintenance_valid_cluster" time="0.001" /><testcase classname="tests.core.test_orchestrator.TestAutomationOrchestrator" name="test_validate_method_maintenance_invalid_cluster" time="0.001" /><testcase classname="tests.core.test_orchestrator.TestAutomationOrchestrator" name="test_execute_routing_result_includes_metadata" time="0.001" /><testcase classname="tests.core.test_router.TestRouteRequest" name="test_route_request_unknown_type" time="0.000" /><testcase classname="tests.core.test_router.TestRouteRequest" name="test_route_request_module_import_error" time="0.000" /><testcase classname="tests.core.test_router.TestRouteRequest" name="test_route_request_maintenance_enable" time="0.001" /><testcase classname="tests.core.test_router.TestRouteRequest" name="test_route_request_generic_success" time="0.001" /><testcase classname="tests.core.test_router.TestRouteRequest" name="test_route_request_generic_failure_exit" time="0.001" /><testcase classname="tests.core.test_router.TestRouteRequest" name="test_route_request_generic_failure_exception" time="0.001" /><testcase classname="tests.core.test_router.TestRouteRequest" name="test_route_request_no_main_function" time="0.001" /><testcase classname="tests.core.test_router.TestRouteRequest" name="test_route_map_completeness" time="0.000" /><testcase classname="tests.core.test_validators.TestValidateClusterId" name="test_validate_cluster_id_empty_cluster_id" time="0.001" /><testcase classname="tests.core.test_validators.TestValidateClusterId" name="test_validate_cluster_id_missing_catalogue" time="0.001" /><testcase classname="tests.core.test_validators.TestValidateClusterId" name="test_validate_cluster_id_cluster_not_found" time="0.001" /><testcase classname="tests.core.test_validators.TestValidateClusterId" name="test_validate_cluster_id_success" time="0.001" /><testcase classname="tests.core.test_validators.TestValidateClusterId" name="test_validate_cluster_id_missing_required_fields" time="0.001" /><testcase classname="tests.core.test_validators.TestValidateServerList" name="test_validate_server_list_missing_file" time="0.001" /><testcase classname="tests.core.test_validators.TestValidateServerList" name="test_validate_server_list_empty_file" time="0.001" /><testcase classname="tests.core.test_validators.TestValidateServerList" name="test_validate_server_list_comments_only" time="0.001" /><testcase classname="tests.core.test_validators.TestValidateServerList" name="test_validate_server_list_simple_hostnames" time="0.000" /><testcase classname="tests.core.test_validators.TestValidateServerList" name="test_validate_server_list_comma_separated" time="0.000" /><testcase classname="tests.core.test_validators.TestValidateServerList" name="test_validate_server_list_mixed_format" time="0.001" /><testcase classname="tests.core.test_validators.TestValidateBuildParams" name="test_validate_build_params_no_params" time="0.000" /><testcase classname="tests.core.test_validators.TestValidateBuildParams" name="test_validate_build_params_valid_iso_path" time="0.000" /><testcase classname="tests.core.test_validators.TestValidateBuildParams" name="test_validate_build_params_invalid_iso_path" time="0.000" /><testcase classname="tests.core.test_validators.TestValidateBuildParams" name="test_validate_build_params_dry_run_only" time="0.000" /><testcase classname="tests.utils.test_audit.TestAuditLogger" name="test_audit_logger_initialization" time="0.000" /><testcase classname="tests.utils.test_audit.TestAuditLogger" name="test_audit_logger_creates_master_log_on_append" time="0.001" /><testcase classname="tests.utils.test_audit.TestAuditLogger" name="test_log_adds_entry" time="0.000" /><testcase classname="tests.utils.test_audit.TestAuditLogger" name="test_log_with_extra_fields" time="0.000" /><testcase classname="tests.utils.test_audit.TestAuditLogger" name="test_save_creates_json_file" time="0.001" /><testcase classname="tests.utils.test_audit.TestAuditLogger" name="test_save_with_custom_filename" time="0.001" /><testcase classname="tests.utils.test_audit.TestAuditLogger" name="test_save_then_append_rotates_logs" time="0.001" /><testcase classname="tests.utils.test_audit.TestAuditLogger" name="test_append_to_master_appends_multiple_entries" time="0.001" /><testcase classname="tests.utils.test_audit.TestAuditLogger" name="test_clear_empties_entries" time="0.000" /><testcase classname="tests.utils.test_audit.TestSaveAuditRecord" name="test_save_audit_record_creates_file" time="0.001" /><testcase classname="tests.utils.test_audit.TestSaveAuditRecord" name="test_save_audit_record_with_subdir" time="0.001" /><testcase classname="tests.utils.test_audit.TestSaveAuditRecord" name="test_save_audit_record_appends_to_master" time="0.001" /><testcase classname="tests.utils.test_audit.TestSaveAuditRecord" name="test_save_audit_record_with_prefix" time="0.001" /><testcase classname="tests.utils.test_base.TestAutomationBase" name="test_initialization_default_paths" time="0.001" /><testcase classname="tests.utils.test_base.TestAutomationBase" name="test_initialization_custom_paths" time="0.001" /><testcase classname="tests.utils.test_base.TestAutomationBase" name="test_initialization_creates_directories" time="0.001" /><testcase classname="tests.utils.test_base.TestAutomationBase" name="test_load_config" time="0.001" /><testcase classname="tests.utils.test_base.TestAutomationBase" name="test_load_config_required_missing" time="0.001" /><testcase classname="tests.utils.test_base.TestAutomationBase" name="test_load_config_optional_missing" time="0.001" /><testcase classname="tests.utils.test_base.TestAutomationBase" name="test_load_servers" time="0.001" /><testcase classname="tests.utils.test_base.TestAutomationBase" name="test_save_result" time="0.001" /><testcase classname="tests.utils.test_base.TestAutomationBase" name="test_log_and_audit" time="0.001" /><testcase classname="tests.utils.test_base.TestAutomationBase" name="test_save_audit" time="0.001" /><testcase classname="tests.utils.test_base.TestAutomationBase" name="test_run_command_wrapper" time="0.001" /><testcase classname="tests.utils.test_base.TestAutomationBase" name="test_validate_not_implemented" time="0.001" /><testcase classname="tests.utils.test_base.TestAutomationBase" name="test_execute_not_implemented" time="0.001" /><testcase classname="tests.utils.test_config.TestLoadJsonConfig" name="test_load_json_config_valid_file" time="0.000" /><testcase classname="tests.utils.test_config.TestLoadJsonConfig" name="test_load_json_config_missing_file_required" time="0.000" /><testcase classname="tests.utils.test_config.TestLoadJsonConfig" name="test_load_json_config_missing_file_optional" time="0.000" /><testcase classname="tests.utils.test_config.TestLoadJsonConfig" name="test_load_json_config_invalid_json" time="0.000" /><testcase classname="tests.utils.test_config.TestLoadJsonConfig" name="test_load_json_config_env_var_replacement" time="0.001" /><testcase classname="tests.utils.test_config.TestLoadJsonConfig" name="test_load_json_config_env_var_replacement_nested" time="0.001" /><testcase classname="tests.utils.test_config.TestLoadJsonConfig" name="test_load_json_config_undefined_env_var_kept_unchanged" time="0.000" /><testcase classname="tests.utils.test_config.TestLoadJsonConfig" name="test_load_json_config_disabled_env_var_replacement" time="0.000" /><testcase classname="tests.utils.test_config.TestReplaceEnvVars" name="test_replace_env_vars_string" time="0.000" /><testcase classname="tests.utils.test_config.TestReplaceEnvVars" name="test_replace_env_vars_multiple_in_string" time="0.000" /><testcase classname="tests.utils.test_config.TestReplaceEnvVars" name="test_replace_env_vars_nested_dict" time="0.000" /><testcase classname="tests.utils.test_config.TestReplaceEnvVars" name="test_replace_env_vars_in_list" time="0.000" /><testcase classname="tests.utils.test_config.TestReplaceEnvVars" name="test_replace_env_vars_non_string_values" time="0.000" /><testcase classname="tests.utils.test_config.TestLoadYamlConfig" name="test_load_yaml_config_valid" time="0.040" /><testcase classname="tests.utils.test_config.TestLoadYamlConfig" name="test_load_yaml_config_missing_pyyaml" time="0.001" /><testcase classname="tests.utils.test_config.TestLoadYamlConfig" name="test_load_yaml_config_missing_file_required" time="0.001" /><testcase classname="tests.utils.test_config.TestLoadYamlConfig" name="test_load_yaml_config_missing_file_optional" time="0.000" /><testcase classname="tests.utils.test_credentials.TestGetCredential" name="test_get_credential_from_environment" time="0.000" /><testcase classname="tests.utils.test_credentials.TestGetCredential" name="test_get_credential_with_default" time="0.000" /><testcase classname="tests.utils.test_credentials.TestGetCredential" name="test_get_credential_missing_required" time="0.001" /><testcase classname="tests.utils.test_credentials.TestGetCredential" name="test_get_credential_returns_none_when_not_required" time="0.000" /><testcase classname="tests.utils.test_credentials.TestGetCredential" name="test_get_credential_prefers_environment_over_default" time="0.000" /><testcase classname="tests.utils.test_credentials.TestGetILOCredentials" name="test_get_ilo_credentials_from_env" time="0.000" /><testcase classname="tests.utils.test_credentials.TestGetILOCredentials" name="test_get_ilo_credentials_default_username" time="0.000" /><testcase classname="tests.utils.test_credentials.TestGetILOCredentials" name="test_get_ilo_credentials_custom_env_vars" time="0.000" /><testcase classname="tests.utils.test_credentials.TestGetSCOMCredentials" name="test_get_scom_credentials_success" time="0.000" /><testcase classname="tests.utils.test_credentials.TestGetSCOMCredentials" name="test_get_scom_credentials_required_missing" time="0.000" /><testcase classname="tests.utils.test_credentials.TestGetOpenViewCredentials" name="test_get_openview_credentials_optional" time="0.000" /><testcase classname="tests.utils.test_credentials.TestGetOpenViewCredentials" name="test_get_openview_credentials_from_env" time="0.000" /><testcase classname="tests.utils.test_credentials.TestGetSMTPCredentials" name="test_get_smtp_credentials_optional" time="0.000" /><testcase classname="tests.utils.test_executor.TestCommandResult" name="test_command_result_success_true" time="0.000" /><testcase classname="tests.utils.test_executor.TestCommandResult" name="test_command_result_success_false" time="0.000" /><testcase classname="tests.utils.test_executor.TestCommandResult" name="test_command_result_output_property" time="0.000" /><testcase classname="tests.utils.test_executor.TestRunCommand" name="test_run_command_success" time="0.000" /><testcase classname="tests.utils.test_executor.TestRunCommand" name="test_run_command_failure" time="0.000" /><testcase classname="tests.utils.test_executor.TestRunCommand" name="test_run_command_timeout" time="0.000" /><testcase classname="tests.utils.test_executor.TestRunCommand" name="test_run_command_check_raises_on_failure" time="0.000" /><testcase classname="tests.utils.test_executor.TestRunCommand" name="test_run_command_with_cwd" time="0.001" /><testcase classname="tests.utils.test_executor.TestRunCommand" name="test_run_command_string_command" time="0.000" /><testcase classname="tests.utils.test_executor.TestRunCommand" name="test_run_command_capture_output_false" time="0.000" /><testcase classname="tests.utils.test_executor.TestRunWithRetry" name="test_run_with_retry_first_attempt_success" time="0.001" /><testcase classname="tests.utils.test_executor.TestRunWithRetry" name="test_run_with_retry_retries_then_success" time="0.001" /><testcase classname="tests.utils.test_executor.TestRunWithRetry" name="test_run_with_retry_all_attempts_fail" time="0.001" /><testcase classname="tests.utils.test_executor.TestRunWithRetry" name="test_run_with_retry_raises_when_check_true" time="0.001" /><testcase classname="tests.utils.test_executor.TestRunWithRetry" name="test_run_with_retry_exponential_backoff" time="0.000" /><testcase classname="tests.utils.test_file_io.TestEnsureDir" name="test_ensure_dir_creates_directory" time="0.000" /><testcase classname="tests.utils.test_file_io.TestEnsureDir" name="test_ensure_dir_existing_directory" time="0.000" /><testcase classname="tests.utils.test_file_io.TestEnsureDir" name="test_ensure_dir_returns_same_path" time="0.000" /><testcase classname="tests.utils.test_file_io.TestSaveJson" name="test_save_json_creates_file" time="0.000" /><testcase classname="tests.utils.test_file_io.TestSaveJson" name="test_save_json_creates_parent_dirs" time="0.000" /><testcase classname="tests.utils.test_file_io.TestSaveJson" name="test_save_json_with_custom_indent" time="0.000" /><testcase classname="tests.utils.test_file_io.TestSaveJson" name="test_save_json_serializes_non_standard_types" time="0.000" /><testcase classname="tests.utils.test_file_io.TestLoadJson" name="test_load_json_valid_file" time="0.000" /><testcase classname="tests.utils.test_file_io.TestLoadJson" name="test_load_json_missing_file_required" time="0.001" /><testcase classname="tests.utils.test_file_io.TestLoadJson" name="test_load_json_missing_file_optional" time="0.001" /><testcase classname="tests.utils.test_file_io.TestLoadJson" name="test_load_json_invalid_json" time="0.000" /><testcase classname="tests.utils.test_file_io.TestSaveResultJson" name="test_save_result_json_without_category" time="0.000" /><testcase classname="tests.utils.test_file_io.TestSaveResultJson" name="test_save_result_json_with_category" time="0.000" /><testcase classname="tests.utils.test_file_io.TestSaveResultJson" name="test_save_result_json_content" time="0.001" /><testcase classname="tests.utils.test_inventory.TestServerInfo" name="test_server_info_name_property" time="0.000" /><testcase classname="tests.utils.test_inventory.TestServerInfo" name="test_server_info_name_single_label_hostname" time="0.000" /><testcase classname="tests.utils.test_inventory.TestServerInfo" name="test_server_info_with_optional_fields" time="0.000" /><testcase classname="tests.utils.test_inventory.TestLoadServerList" name="test_load_server_list_missing_file" time="0.001" /><testcase classname="tests.utils.test_inventory.TestLoadServerList" name="test_load_server_list_empty_file" time="0.001" /><testcase classname="tests.utils.test_inventory.TestLoadServerList" name="test_load_server_list_simple_hostnames" time="0.001" /><testcase classname="tests.utils.test_inventory.TestLoadServerList" name="test_load_server_list_with_details_simple" time="0.001" /><testcase classname="tests.utils.test_inventory.TestLoadServerList" name="test_load_server_list_with_details_full_info" time="0.000" /><testcase classname="tests.utils.test_inventory.TestLoadServerList" name="test_load_server_list_ignores_comments" time="0.000" /><testcase classname="tests.utils.test_inventory.TestLoadServerList" name="test_load_server_list_ignores_blank_lines" time="0.001" /><testcase classname="tests.utils.test_inventory.TestLoadServerList" name="test_load_server_list_whitespace_trimming" time="0.000" /><testcase classname="tests.utils.test_inventory.TestLoadServerList" name="test_load_server_list_line_numbers_preserved" time="0.000" /><testcase classname="tests.utils.test_inventory.TestLoadClusterCatalogue" name="test_load_cluster_catalogue_missing_file" time="0.001" /><testcase classname="tests.utils.test_inventory.TestLoadClusterCatalogue" name="test_load_cluster_catalogue_valid_file" time="0.000" /><testcase classname="tests.utils.test_inventory.TestLoadClusterCatalogue" name="test_load_cluster_catalogue_empty_clusters" time="0.001" /><testcase classname="tests.utils.test_inventory.TestValidateClusterDefinition" name="test_validate_cluster_definition_all_required_fields" time="0.000" /><testcase classname="tests.utils.test_inventory.TestValidateClusterDefinition" name="test_validate_cluster_definition_missing_display_name" time="0.000" /><testcase classname="tests.utils.test_inventory.TestValidateClusterDefinition" name="test_validate_cluster_definition_missing_servers" time="0.000" /><testcase classname="tests.utils.test_inventory.TestValidateClusterDefinition" name="test_validate_cluster_definition_servers_not_list" time="0.000" /><testcase classname="tests.utils.test_inventory.TestValidateClusterDefinition" name="test_validate_cluster_definition_servers_empty_list" time="0.000" /><testcase classname="tests.utils.test_inventory.TestValidateClusterDefinition" name="test_validate_cluster_definition_invalid_ilo_addresses_type" time="0.000" /><testcase classname="tests.utils.test_inventory.TestValidateClusterDefinition" name="test_validate_cluster_definition_invalid_ilo_ip_type" time="0.000" /><testcase classname="tests.utils.test_inventory.TestValidateClusterDefinition" name="test_validate_cluster_definition_invalid_openview_type" time="0.000" /><testcase classname="tests.utils.test_inventory.TestValidateClusterDefinition" name="test_validate_cluster_definition_multiple_errors" time="0.000" /><testcase classname="tests.utils.test_logging_setup.TestInitLogging" name="test_init_logging_configures_root_logger" time="0.000" /><testcase classname="tests.utils.test_logging_setup.TestInitLogging" name="test_init_logging_with_log_file" time="0.001" /><testcase classname="tests.utils.test_logging_setup.TestInitLogging" name="test_init_logging_custom_level" time="0.000" /><testcase classname="tests.utils.test_logging_setup.TestInitLogging" name="test_init_logging_creates_log_directory" time="0.001" /><testcase classname="tests.utils.test_logging_setup.TestInitLogging" name="test_init_logging_clears_existing_handlers" time="0.000" /><testcase classname="tests.utils.test_logging_setup.TestInitLogging" name="test_init_logging_formatter_includes_fields" time="0.000" /><testcase classname="tests.utils.test_logging_setup.TestGetLogger" name="test_get_logger_returns_logger" time="0.000" /><testcase classname="tests.utils.test_logging_setup.TestGetLogger" name="test_get_logger_propagates_to_root" time="0.000" /><testcase classname="tests.utils.test_powershell.TestRunPowerShell" name="test_run_powershell_success" time="0.001" /><testcase classname="tests.utils.test_powershell.TestRunPowerShell" name="test_run_powershell_failure" time="0.001" /><testcase classname="tests.utils.test_powershell.TestRunPowerShell" name="test_run_powershell_with_custom_execution_policy" time="0.000" /><testcase classname="tests.utils.test_powershell.TestRunPowerShell" name="test_run_powershell_timeout" time="0.000" /><testcase classname="tests.utils.test_powershell.TestRunPowerShell" name="test_run_powershell_capture_output_false" time="0.001" /><testcase classname="tests.utils.test_powershell.TestRunPowerShellWinRM" name="test_run_powershell_winrm_missing_pywinrm" time="0.000" /><testcase classname="tests.utils.test_powershell.TestRunPowerShellWinRM" name="test_run_powershell_winrm_success" time="0.001" /><testcase classname="tests.utils.test_powershell.TestRunPowerShellWinRM" name="test_run_powershell_winrm_failure" time="0.001" /><testcase classname="tests.utils.test_powershell.TestRunPowerShellWinRM" name="test_run_powershell_winrm_connection_error" time="0.001" /><testcase classname="tests.utils.test_powershell.TestBuildScomConnection" name="test_build_scom_connection" time="0.000" /><testcase classname="tests.utils.test_powershell.TestBuildScomMaintenanceScript" name="test_build_maintenance_script_start" time="0.000" /><testcase classname="tests.utils.test_powershell.TestBuildScomMaintenanceScript" name="test_build_maintenance_script_stop" time="0.000" /><testcase classname="tests.utils.test_powershell.TestBuildScomMaintenanceScript" name="test_build_maintenance_script_escapes_quotes" time="0.000" /><testcase classname="tests.utils.test_powershell.TestBuildScomMaintenanceScript" name="test_build_maintenance_script_invalid_operation" time="0.001" /></testsuite></testsuites>